{
  "age": null,
  "email": null,
  "name": "Jane Smith"
}
