{
  "unicode_example": "This is a Unicode string: © OpenAI •"
}
