[
  {
    "title": "Whispers of the Golden Dunes"
  },
  {
    "concept": "In the heart of the windswept dunes, where the golden sands stretch endlessly and the relentless ocean waves paint a mesmerizing canvas of natural beauty, lies a tale of mystery and adventure.\n\nOur story follows a young nomad, Zephyr, who stumbles upon an ancient artifact buried in the shifting sands. This discovery sets off a chain of events that leads Zephyr on a perilous journey across the dunes, pursued by a shadowy organization intent on claiming the artifact's power for their own nefarious purposes.\n\nAs Zephyr delves deeper into the secrets of the dunes, he uncovers long-forgotten legends and encounters enigmatic guardians of the desert. His quest becomes a race against time as he strives to unlock the true potential of the artifact and prevent it from falling into the wrong hands.\n\n\"Whispers of the Golden Dunes\" is a tale of courage, discovery, and the enduring spirit of the desert. It weaves a captivating narrative of adventure and intrigue against the backdrop of the windswept dunes, where the sands hold ancient secrets and the ocean whispers tales of forgotten lore."
  }
]
