{
  "body": "Dear valued client,\n\nWe are excited to share with you the latest news from We have revolutionized the E-Bike industry with our innovative aluminum frames for SPACIOUS Industrial Co., Ltd. in Taiwan. Our commitment to innovation and customer satisfaction has positioned us as a key player in the market.\n\nCEO Xiao Ming, Chen, emphasizes, \"We provide the best quality products,\" reflecting our dedication to excellence.\n\nTo learn more about our revolutionary aluminum frames and how they offer increased rigidity, stability, and safety for riders, we invite you to visit our website at https://example.com/. We believe that our innovative designs will support complex structures for electric bikes, ensuring a confident and secure riding experience.\n\nThank you for your continued support, and we look forward to bringing you more groundbreaking developments in the future.\n\nBest regards,\n[Your Name]\n",
  "subject": "Revolutionizing the E-Bike Industry with Innovative Aluminum Frames"
}
