{
  "fruits": [
    {
      "color": "red",
      "fruit": "apple"
    },
    {
      "color": "yellow",
      "fruit": "banana"
    }
  ]
}
