{
  "body": "Dear Valued Customer,\n\nWe are proud to announce that is celebrating its 50th anniversary this year. For the past five decades, we have been providing top-quality hand and pneumatic tools to customers around the world. Our strict quality control process ensures that all items are made in accordance with DIN/ANSI/CE standards and under ISO & GS & TUV standard. We have worked with many international well-known brands such as Stanley, KS Tools, K Mart, Wurth, Lux, TOSAN, and more.\n\nTo celebrate our 50th anniversary, we will be participating in Automechanika Frankfurt 2024, where we will be showcasing our latest products, including the 10pcs 1/2''Dr. Nut Driver Socket Set, 38pcs 1/4''Dr. Socket Wrench Set, Nut Driver Socket-Two Piece, Knife Sharpener, and 19pcs 3/4\" Dr. Impact Socket Set.\n\nWe invite you to visit our booth and learn more about our high-quality tools and services. For more information about our products, please visit our website at https://www.example.com.\n\nThank you for your continued support.\n\nSincerely,\n[Your Name]",
  "subject": "Celebrates 50 Years of Excellence in Manufacturing High-Quality Tools"
}
