{
  "body": "Dear valued client,\n\nWe are thrilled to announce that XYZ ELECTRONICS LTD. is celebrating its 50th anniversary in the Electrical and Electronics industry. Since our establishment in 1971, we have been committed to delivering exceptional quality, responsibility, and growth.\n\nThroughout the years, XYZ ELECTRONICS has become a leading manufacturer of high-quality magnet wires, offering the most extensive selection in Taiwan. Our range of products has expanded to include electronic components, optical fiber system products, power source switches, \"green\" products, and wind power solutions.\n\nTo cater to the needs of our global clientele, we have established manufacturing plants overseas, ensuring prompt service and the latest techniques.\n\nUnder our management strategy of \"Energy, Reinnovation, Reliability,\" we continuously strive to improve and innovate, ensuring energy efficiency and reliability in all our products.\n\nOne of our flagship products is the LSFFY Class F Low Temperature Wire. This wire exemplifies our commitment to providing high-quality materials and meeting the stringent requirements of electrical applications.\n\nWe invite you to visit our website at https://xyz-electronics.en.taiwantrade.com/ to explore our comprehensive range of products and discover how XYZ ELECTRONICS can elevate your business with its cutting-edge solutions and unwavering commitment to quality.\n\nThank you for your continued support and partnership. We look forward to celebrating this significant milestone with you.\n\nBest regards,\n[Your Name]",
  "subject": "XYZ ELECTRONICS LTD.: Celebrating 50 Years of Excellence in the Electrical and Electronics Industry"
}
