{
  "highlighted_sentence": "to choose \"a candidate who can <em>defeat Donald Trump</em> in November.\"",
  "keyword": "defeat Donald Trump"
}
