{
  "foo": {
    "bar": {
      "baz": {
        "qux": "quux"
      }
    }
  }
}
