{
  "location": "New York",
  "person": {
    "age": 25,
    "name": "Alice"
  }
}
