{
  "baz": "qux",
  "foo": "bar",
  "quux": "corge"
}
