{
  "employees": [
    {
      "id": 101,
      "name": "Employee 1"
    },
    {
      "id": 102,
      "name": "Employee 2"
    }
  ]
}
