{
  "message": "This is an escaped string with special characters: \"quotes\", \\backslashes\\, and \nnewlines."
}
